## 產生路徑報告檔案 paths.rpt
## t_pcq
****************************************
Report : delay_calculation
Design : simple
Version: W-2024.09-SP2
Date   : Tue Dec  2 10:12:33 2025
****************************************

From pin: l1/GATE_N
To pin:   l1/Q
Main Library Units:  1ns  1pF  1kOhm

Library: 'sky130_fd_sc_hd__tt_025C_1v80'
Library Units:  1ns  1pF  1kOhm
Library Cell: 'sky130_fd_sc_hd__dlxtn_1'
arc sense:                       falling_edge
arc type:                        cell
Units:  1ns  1pF  1kOhm


 Rise Delay

   cell delay = 0.483072 (in library unit)
     Table is indexed by
      (X) input_pin_transition = 0.15
      (Y) output_net_total_cap = 0.0103305
     Relevant portion of lookup table:
                   (X)  0.1225      (X)  0.2823
  (Y)  0.0090      (Z)  0.4635      (Z)  0.5278
  (Y)  0.0236      (Z)  0.5572      (Z)  0.6214

     Z = A + B*X + C*Y + D*X*Y
     A =  0.3563           B =  0.4031
     C =  6.4279           D = -0.0487

  Z = 0.483072
  scaling result for operating conditions
  multiplying by 1 gives 0.483072 (in library unit)

 Fall Delay

   cell delay = 0.327199 (in library unit)
     Table is indexed by
      (X) input_pin_transition = 0.15
      (Y) output_net_total_cap = 0.0103305
     Relevant portion of lookup table:
                   (X)  0.1225      (X)  0.2823
  (Y)  0.0090      (Z)  0.3111      (Z)  0.3776
  (Y)  0.0236      (Z)  0.3620      (Z)  0.4285

     Z = A + B*X + C*Y + D*X*Y
     A =  0.2287           B =  0.4164
     C =  3.4884           D = -0.0134

  Z = 0.327199
  scaling result for operating conditions
  multiplying by 1 gives 0.327199 (in library unit)

  Cell Delay
  rise:  0.483072 (in library unit)
  fall:  0.327199 (in library unit)

Rise delay = 0.483072
Fall delay = 0.327199

Units:  1ns  1pF  1kOhm

  Transition rise
   transition = 0.107956 (in library unit)
     Table is indexed by
      (X) input_pin_transition = 0.15
      (Y) output_net_total_cap = 0.0103305
     Relevant portion of lookup table:
                   (X)  0.1225      (X)  0.2823
  (Y)  0.0090      (Z)  0.0959      (Z)  0.0960
  (Y)  0.0236      (Z)  0.2278      (Z)  0.2275

     Z = A + B*X + C*Y + D*X*Y
     A =  0.0144           B =  0.0015
     C =  9.0511           D = -0.1350

  Z = 0.107956
  scaling result for operating conditions
  multiplying by 1 gives 0.107956 (in library unit)


  Transition fall
   transition = 0.0591379 (in library unit)
     Table is indexed by
      (X) input_pin_transition = 0.15
      (Y) output_net_total_cap = 0.0103305
     Relevant portion of lookup table:
                   (X)  0.1225      (X)  0.2823
  (Y)  0.0090      (Z)  0.0536      (Z)  0.0536
  (Y)  0.0236      (Z)  0.1147      (Z)  0.1143

     Z = A + B*X + C*Y + D*X*Y
     A =  0.0157           B =  0.0015
     C =  4.2123           D = -0.1653

  Z = 0.0591379
  scaling result for operating conditions
  multiplying by 1 gives 0.0591379 (in library unit)


Rise transition = 0.107956
Fall transition = 0.0591379
1
## t_cdq
****************************************
Report : delay_calculation
	-min
Design : simple
Version: W-2024.09-SP2
Date   : Tue Dec  2 10:12:33 2025
****************************************

From pin: l1/GATE_N
To pin:   l1/Q
Main Library Units:  1ns  1pF  1kOhm

Library: 'sky130_fd_sc_hd__tt_025C_1v80'
Library Units:  1ns  1pF  1kOhm
Library Cell: 'sky130_fd_sc_hd__dlxtn_1'
arc sense:                       falling_edge
arc type:                        cell
Units:  1ns  1pF  1kOhm


 Rise Delay

   cell delay = 0.483072 (in library unit)
     Table is indexed by
      (X) input_pin_transition = 0.15
      (Y) output_net_total_cap = 0.0103305
     Relevant portion of lookup table:
                   (X)  0.1225      (X)  0.2823
  (Y)  0.0090      (Z)  0.4635      (Z)  0.5278
  (Y)  0.0236      (Z)  0.5572      (Z)  0.6214

     Z = A + B*X + C*Y + D*X*Y
     A =  0.3563           B =  0.4031
     C =  6.4279           D = -0.0487

  Z = 0.483072
  scaling result for operating conditions
  multiplying by 1 gives 0.483072 (in library unit)

 Fall Delay

   cell delay = 0.327199 (in library unit)
     Table is indexed by
      (X) input_pin_transition = 0.15
      (Y) output_net_total_cap = 0.0103305
     Relevant portion of lookup table:
                   (X)  0.1225      (X)  0.2823
  (Y)  0.0090      (Z)  0.3111      (Z)  0.3776
  (Y)  0.0236      (Z)  0.3620      (Z)  0.4285

     Z = A + B*X + C*Y + D*X*Y
     A =  0.2287           B =  0.4164
     C =  3.4884           D = -0.0134

  Z = 0.327199
  scaling result for operating conditions
  multiplying by 1 gives 0.327199 (in library unit)

  Cell Delay
  rise:  0.483072 (in library unit)
  fall:  0.327199 (in library unit)

Rise delay = 0.483072
Fall delay = 0.327199

Units:  1ns  1pF  1kOhm

  Transition rise
   transition = 0.107956 (in library unit)
     Table is indexed by
      (X) input_pin_transition = 0.15
      (Y) output_net_total_cap = 0.0103305
     Relevant portion of lookup table:
                   (X)  0.1225      (X)  0.2823
  (Y)  0.0090      (Z)  0.0959      (Z)  0.0960
  (Y)  0.0236      (Z)  0.2278      (Z)  0.2275

     Z = A + B*X + C*Y + D*X*Y
     A =  0.0144           B =  0.0015
     C =  9.0511           D = -0.1350

  Z = 0.107956
  scaling result for operating conditions
  multiplying by 1 gives 0.107956 (in library unit)


  Transition fall
   transition = 0.0591379 (in library unit)
     Table is indexed by
      (X) input_pin_transition = 0.15
      (Y) output_net_total_cap = 0.0103305
     Relevant portion of lookup table:
                   (X)  0.1225      (X)  0.2823
  (Y)  0.0090      (Z)  0.0536      (Z)  0.0536
  (Y)  0.0236      (Z)  0.1147      (Z)  0.1143

     Z = A + B*X + C*Y + D*X*Y
     A =  0.0157           B =  0.0015
     C =  4.2123           D = -0.1653

  Z = 0.0591379
  scaling result for operating conditions
  multiplying by 1 gives 0.0591379 (in library unit)


Rise transition = 0.107956
Fall transition = 0.0591379
1
## 取得 Max Delay (即 t_pdq)
****************************************
Report : delay_calculation
Design : simple
Version: W-2024.09-SP2
Date   : Tue Dec  2 10:12:33 2025
****************************************

From pin: l1/D
To pin:   l1/Q
Main Library Units:  1ns  1pF  1kOhm

Library: 'sky130_fd_sc_hd__tt_025C_1v80'
Library Units:  1ns  1pF  1kOhm
Library Cell: 'sky130_fd_sc_hd__dlxtn_1'
arc sense:                       positive_unate
arc type:                        cell
Units:  1ns  1pF  1kOhm


 Rise Delay

   cell delay = 0.409346 (in library unit)
     Table is indexed by
      (X) input_pin_transition = 0.2
      (Y) output_net_total_cap = 0.0103305
     Relevant portion of lookup table:
                   (X)  0.1225      (X)  0.2823
  (Y)  0.0090      (Z)  0.3875      (Z)  0.4150
  (Y)  0.0236      (Z)  0.4809      (Z)  0.5086

     Z = A + B*X + C*Y + D*X*Y
     A =  0.3089           B =  0.1710
     C =  6.3872           D =  0.1025

  Z = 0.409346
  scaling result for operating conditions
  multiplying by 1 gives 0.409346 (in library unit)

 Fall Delay

   cell delay = 0.336133 (in library unit)
     Table is indexed by
      (X) input_pin_transition = 0.25
      (Y) output_net_total_cap = 0.0103305
     Relevant portion of lookup table:
                   (X)  0.1225      (X)  0.2823
  (Y)  0.0090      (Z)  0.2860      (Z)  0.3430
  (Y)  0.0236      (Z)  0.3368      (Z)  0.3938

     Z = A + B*X + C*Y + D*X*Y
     A =  0.2110           B =  0.3566
     C =  3.4796           D =  0.0014

  Z = 0.336133
  scaling result for operating conditions
  multiplying by 1 gives 0.336133 (in library unit)

  Cell Delay
  rise:  0.409346 (in library unit)
  fall:  0.336133 (in library unit)

Rise delay = 0.409346
Fall delay = 0.336133

Units:  1ns  1pF  1kOhm

  Transition rise
   transition = 0.107995 (in library unit)
     Table is indexed by
      (X) input_pin_transition = 0
      (Y) output_net_total_cap = 0.0103305
     Relevant portion of lookup table:
                   (X)  0.0100      (X)  0.0231
  (Y)  0.0090      (Z)  0.0960      (Z)  0.0961
  (Y)  0.0236      (Z)  0.2277      (Z)  0.2273

     Z = A + B*X + C*Y + D*X*Y
     A =  0.0145           B =  0.0269
     C =  9.0516           D = -2.4575

  Z = 0.107995
  scaling result for operating conditions
  multiplying by 1 gives 0.107995 (in library unit)


  Transition fall
   transition = 0.0586211 (in library unit)
     Table is indexed by
      (X) input_pin_transition = 0
      (Y) output_net_total_cap = 0.0103305
     Relevant portion of lookup table:
                   (X)  0.0100      (X)  0.0231
  (Y)  0.0090      (Z)  0.0531      (Z)  0.0532
  (Y)  0.0236      (Z)  0.1141      (Z)  0.1143

     Z = A + B*X + C*Y + D*X*Y
     A =  0.0155           B = -0.0018
     C =  4.1735           D =  0.6344

  Z = 0.0586211
  scaling result for operating conditions
  multiplying by 1 gives 0.0586211 (in library unit)


Rise transition = 0.107995
Fall transition = 0.0586211
1
## 取得 Min Delay (即 t_cdq)
****************************************
Report : delay_calculation
	-min
Design : simple
Version: W-2024.09-SP2
Date   : Tue Dec  2 10:12:33 2025
****************************************

From pin: l1/D
To pin:   l1/Q
Main Library Units:  1ns  1pF  1kOhm

Library: 'sky130_fd_sc_hd__tt_025C_1v80'
Library Units:  1ns  1pF  1kOhm
Library Cell: 'sky130_fd_sc_hd__dlxtn_1'
arc sense:                       positive_unate
arc type:                        cell
Units:  1ns  1pF  1kOhm


 Rise Delay

   cell delay = 0.389214 (in library unit)
     Table is indexed by
      (X) input_pin_transition = 0.1
      (Y) output_net_total_cap = 0.0103305
     Relevant portion of lookup table:
                   (X)  0.0531      (X)  0.1225
  (Y)  0.0090      (Z)  0.3665      (Z)  0.3875
  (Y)  0.0236      (Z)  0.4601      (Z)  0.4809

     Z = A + B*X + C*Y + D*X*Y
     A =  0.2926           B =  0.3042
     C =  6.4239           D = -0.1969

  Z = 0.389214
  scaling result for operating conditions
  multiplying by 1 gives 0.389214 (in library unit)

 Fall Delay

   cell delay = 0.300471 (in library unit)
     Table is indexed by
      (X) input_pin_transition = 0.15
      (Y) output_net_total_cap = 0.0103305
     Relevant portion of lookup table:
                   (X)  0.1225      (X)  0.2823
  (Y)  0.0090      (Z)  0.2860      (Z)  0.3430
  (Y)  0.0236      (Z)  0.3368      (Z)  0.3938

     Z = A + B*X + C*Y + D*X*Y
     A =  0.2110           B =  0.3566
     C =  3.4796           D =  0.0014

  Z = 0.300471
  scaling result for operating conditions
  multiplying by 1 gives 0.300471 (in library unit)

  Cell Delay
  rise:  0.389214 (in library unit)
  fall:  0.300471 (in library unit)

Rise delay = 0.389214
Fall delay = 0.300471

Units:  1ns  1pF  1kOhm

  Transition rise
   transition = 0.107995 (in library unit)
     Table is indexed by
      (X) input_pin_transition = 0
      (Y) output_net_total_cap = 0.0103305
     Relevant portion of lookup table:
                   (X)  0.0100      (X)  0.0231
  (Y)  0.0090      (Z)  0.0960      (Z)  0.0961
  (Y)  0.0236      (Z)  0.2277      (Z)  0.2273

     Z = A + B*X + C*Y + D*X*Y
     A =  0.0145           B =  0.0269
     C =  9.0516           D = -2.4575

  Z = 0.107995
  scaling result for operating conditions
  multiplying by 1 gives 0.107995 (in library unit)


  Transition fall
   transition = 0.0586211 (in library unit)
     Table is indexed by
      (X) input_pin_transition = 0
      (Y) output_net_total_cap = 0.0103305
     Relevant portion of lookup table:
                   (X)  0.0100      (X)  0.0231
  (Y)  0.0090      (Z)  0.0531      (Z)  0.0532
  (Y)  0.0236      (Z)  0.1141      (Z)  0.1143

     Z = A + B*X + C*Y + D*X*Y
     A =  0.0155           B = -0.0018
     C =  4.1735           D =  0.6344

  Z = 0.0586211
  scaling result for operating conditions
  multiplying by 1 gives 0.0586211 (in library unit)


Rise transition = 0.107995
Fall transition = 0.0586211
1
## 查詢 Setup 時間 (t_setup)
****************************************
Report : timing
	-path_type full_clock_expanded
	-delay_type max
	-max_paths 1
	-sort_by slack
Design : simple
Version: W-2024.09-SP2
Date   : Tue Dec  2 10:12:33 2025
****************************************


  Startpoint: inp1 (input port clocked by tau2015_clk)
  Endpoint: l1 (negative level-sensitive latch clocked by tau2015_clk)
  Path Group: tau2015_clk
  Path Type: max

  Point                                                   Incr       Path
  ------------------------------------------------------------------------------
  clock tau2015_clk (rise edge)                           0.00       0.00
  clock network delay (propagated)                        0.00       0.00
  input external delay                                    5.00       5.00 r
  inp1 (in)                                               0.00       5.00 r
  l1/D (sky130_fd_sc_hd__dlxtn_1)                         0.00       5.00 r
  data arrival time                                                  5.00

  clock tau2015_clk (fall edge)                          25.00      25.00
  clock source latency                                    0.00      25.00
  tau2015_clk (in)                                        0.00      25.00 f
  l1/GATE_N (sky130_fd_sc_hd__dlxtn_1)                    0.00      25.00 f
  clock reconvergence pessimism                           0.00      25.00
  time borrowed from endpoint                             0.00      25.00
  data required time                                                25.00
  ------------------------------------------------------------------------------
  data required time                                                25.00
  data arrival time                                                 -5.00
  ------------------------------------------------------------------------------
  slack (MET)                                                       20.00

  Time Borrowing Information
  ------------------------------------------------------------------
  tau2015_clk nominal pulse width                        25.00 
  clock latency difference                                0.00 
  library setup time                                     -0.17 
  ------------------------------------------------------------------
  max time borrow                                        24.83 
  actual time borrow                                      0.00 
  ------------------------------------------------------------------


1
## 查詢 Hold 時間 (t_hold)
****************************************
Report : timing
	-path_type full_clock_expanded
	-delay_type min
	-max_paths 1
	-sort_by slack
Design : simple
Version: W-2024.09-SP2
Date   : Tue Dec  2 10:12:33 2025
****************************************


  Startpoint: inp1 (input port clocked by tau2015_clk)
  Endpoint: l1 (negative level-sensitive latch clocked by tau2015_clk)
  Path Group: tau2015_clk
  Path Type: min

  Point                                                   Incr       Path
  ------------------------------------------------------------------------------
  clock tau2015_clk (rise edge)                          50.00      50.00
  clock network delay (propagated)                        0.00      50.00
  input external delay                                    0.00      50.00 f
  inp1 (in)                                               0.00      50.00 f
  l1/D (sky130_fd_sc_hd__dlxtn_1)                         0.00      50.00 f
  data arrival time                                                 50.00

  clock tau2015_clk (rise edge)                          50.00      50.00
  clock source latency                                    0.00      50.00
  tau2015_clk (in)                                        0.00      50.00 r
  l1/GATE_N (sky130_fd_sc_hd__dlxtn_1)                    0.00      50.00 r
  clock reconvergence pessimism                           0.00      50.00
  library hold time                                      -0.13      49.87
  data required time                                                49.87
  ------------------------------------------------------------------------------
  data required time                                                49.87
  data arrival time                                                -50.00
  ------------------------------------------------------------------------------
  slack (MET)                                                        0.13


1
## 最差的兩條 Setup 路徑與 Hold 路徑
****************************************
Report : timing
	-path_type full
	-delay_type max
	-input_pins
	-nets
	-slack_lesser_than 7777.00
	-max_paths 2
	-sort_by slack
Design : simple
Version: W-2024.09-SP2
Date   : Tue Dec  2 10:12:33 2025
****************************************


  Startpoint: l1 (negative level-sensitive latch clocked by tau2015_clk)
  Endpoint: out (output port clocked by tau2015_clk)
  Path Group: tau2015_clk
  Path Type: max

  Point                                      Fanout       Incr       Path
  ------------------------------------------------------------------------------
  clock tau2015_clk (fall edge)                          25.00      25.00
  clock network delay (propagated)                        0.00      25.00
  l1/GATE_N (sky130_fd_sc_hd__dlxtn_1)                    0.00      25.00 f
  l1/Q (sky130_fd_sc_hd__dlxtn_1)                         0.48      25.49 r
  out (net)                                     1 
  out (out)                                               0.02      25.50 r
  data arrival time                                                 25.50

  clock tau2015_clk (rise edge)                          50.00      50.00
  clock network delay (propagated)                        0.00      50.00
  clock reconvergence pessimism                           0.00      50.00
  output external delay                                 -30.00      20.00
  data required time                                                20.00
  ------------------------------------------------------------------------------
  data required time                                                20.00
  data arrival time                                                -25.50
  ------------------------------------------------------------------------------
  slack (VIOLATED)                                                  -5.50


  Startpoint: inp1 (input port clocked by tau2015_clk)
  Endpoint: l1 (negative level-sensitive latch clocked by tau2015_clk)
  Path Group: tau2015_clk
  Path Type: max

  Point                                      Fanout       Incr       Path
  ------------------------------------------------------------------------------
  clock tau2015_clk (rise edge)                           0.00       0.00
  clock network delay (propagated)                        0.00       0.00
  input external delay                                    5.00       5.00 r
  inp1 (in)                                               0.00       5.00 r
  inp1 (net)                                    1 
  l1/D (sky130_fd_sc_hd__dlxtn_1)                         0.00       5.00 r
  data arrival time                                                  5.00

  clock tau2015_clk (fall edge)                          25.00      25.00
  clock network delay (propagated)                        0.00      25.00
  l1/GATE_N (sky130_fd_sc_hd__dlxtn_1)                              25.00 f
  clock reconvergence pessimism                           0.00      25.00
  time borrowed from endpoint                             0.00      25.00
  data required time                                                25.00
  ------------------------------------------------------------------------------
  data required time                                                25.00
  data arrival time                                                 -5.00
  ------------------------------------------------------------------------------
  slack (MET)                                                       20.00

  Time Borrowing Information
  ------------------------------------------------------------------
  tau2015_clk nominal pulse width                        25.00 
  clock latency difference                                0.00 
  library setup time                                     -0.17 
  ------------------------------------------------------------------
  max time borrow                                        24.83 
  actual time borrow                                      0.00 
  ------------------------------------------------------------------


1
****************************************
Report : timing
	-path_type full
	-delay_type min
	-input_pins
	-nets
	-slack_lesser_than 7777.00
	-max_paths 2
	-sort_by slack
Design : simple
Version: W-2024.09-SP2
Date   : Tue Dec  2 10:12:33 2025
****************************************


  Startpoint: inp1 (input port clocked by tau2015_clk)
  Endpoint: l1 (negative level-sensitive latch clocked by tau2015_clk)
  Path Group: tau2015_clk
  Path Type: min

  Point                                      Fanout       Incr       Path
  ------------------------------------------------------------------------------
  clock tau2015_clk (rise edge)                          50.00      50.00
  clock network delay (propagated)                        0.00      50.00
  input external delay                                    0.00      50.00 f
  inp1 (in)                                               0.00      50.00 f
  inp1 (net)                                    1 
  l1/D (sky130_fd_sc_hd__dlxtn_1)                         0.00      50.00 f
  data arrival time                                                 50.00

  clock tau2015_clk (rise edge)                          50.00      50.00
  clock network delay (propagated)                        0.00      50.00
  l1/GATE_N (sky130_fd_sc_hd__dlxtn_1)                              50.00 r
  clock reconvergence pessimism                           0.00      50.00
  library hold time                                      -0.13      49.87
  data required time                                                49.87
  ------------------------------------------------------------------------------
  data required time                                                49.87
  data arrival time                                                -50.00
  ------------------------------------------------------------------------------
  slack (MET)                                                        0.13


  Startpoint: l1 (negative level-sensitive latch clocked by tau2015_clk)
  Endpoint: out (output port clocked by tau2015_clk)
  Path Group: tau2015_clk
  Path Type: min

  Point                                      Fanout       Incr       Path
  ------------------------------------------------------------------------------
  clock tau2015_clk (fall edge)                          25.00      25.00
  clock network delay (propagated)                        0.00      25.00
  l1/GATE_N (sky130_fd_sc_hd__dlxtn_1)                    0.00      25.00 f
  l1/Q (sky130_fd_sc_hd__dlxtn_1)                         0.33      25.33 f
  out (net)                                     1 
  out (out)                                               0.02      25.35 f
  data arrival time                                                 25.35

  clock tau2015_clk (rise edge)                           0.00       0.00
  clock network delay (propagated)                        0.00       0.00
  clock reconvergence pessimism                           0.00       0.00
  output external delay                                  10.00      10.00
  data required time                                                10.00
  ------------------------------------------------------------------------------
  data required time                                                10.00
  data arrival time                                                -25.35
  ------------------------------------------------------------------------------
  slack (MET)                                                       15.35


1
## 報告所有違反規則的路徑 (Violators)
****************************************
Report : constraint
	-all_violators
	-path slack_only
Design : simple
Version: W-2024.09-SP2
Date   : Tue Dec  2 10:12:33 2025
****************************************


   max_delay/setup ('tau2015_clk' group)

   Endpoint                                                  Slack
   -----------------------------------------------------------------
   out                                                       -5.50  (VIOLATED)



1
